✔ coffee_machine/no_flow: input 0 -> nl (52.8842ms)
✔ coffee_machine/no_flow: input 0 -> en (7.0248ms)
✔ coffee_machine/no_flow: input 0 -> de (0.8684ms)
✔ coffee_machine/no_flow: input 1 -> nl (1.1581ms)
✔ coffee_machine/no_flow: input 1 -> en (1.0723ms)
✔ coffee_machine/no_flow: input 1 -> de (0.9024ms)
✔ coffee_machine/no_flow: input 2 -> nl (3.8619ms)
✔ coffee_machine/no_flow: input 2 -> en (1.4551ms)
✔ coffee_machine/no_flow: input 2 -> de (1.0399ms)
✔ coffee_machine/no_flow: input 0 -> nl (1.6385ms)
✔ coffee_machine/no_flow: input 0 -> en (0.9396ms)
✔ coffee_machine/no_flow: input 0 -> de (0.8855ms)
✔ coffee_machine/no_flow: input 1 -> nl (0.8261ms)
✔ coffee_machine/no_flow: input 1 -> en (0.8277ms)
✔ coffee_machine/no_flow: input 1 -> de (0.8085ms)
✔ coffee_machine/no_flow: input 2 -> nl (0.8104ms)
✔ coffee_machine/no_flow: input 2 -> en (0.5943ms)
✔ coffee_machine/no_flow: input 2 -> de (0.7917ms)
✔ shoe/detachment: input 0 -> nl (1.8288ms)
✔ shoe/detachment: input 0 -> en (1.4067ms)
✔ shoe/detachment: input 0 -> de (0.7822ms)
✔ shoe/detachment: input 1 -> nl (0.5634ms)
✔ shoe/detachment: input 1 -> en (2.7942ms)
✔ shoe/detachment: input 1 -> de (0.5868ms)
✔ shoe/detachment: input 2 -> nl (0.4586ms)
✔ shoe/detachment: input 2 -> en (0.4546ms)
✔ shoe/detachment: input 2 -> de (0.2574ms)
✔ aquarium/leak: input 0 -> nl (0.6132ms)
✔ aquarium/leak: input 0 -> en (0.2711ms)
✔ aquarium/leak: input 0 -> de (0.2149ms)
✔ aquarium/leak: input 1 -> nl (0.2328ms)
✔ aquarium/leak: input 1 -> en (1.0122ms)
✔ aquarium/leak: input 1 -> de (0.6257ms)
✔ aquarium/leak: input 2 -> nl (0.6817ms)
✔ aquarium/leak: input 2 -> en (0.4224ms)
✔ aquarium/leak: input 2 -> de (0.3216ms)
✔ aquarium/crack: input 0 -> nl (0.306ms)
✔ aquarium/crack: input 0 -> en (0.3104ms)
✔ aquarium/crack: input 0 -> de (0.3078ms)
✔ aquarium/crack: input 1 -> nl (0.2919ms)
✔ aquarium/crack: input 1 -> en (0.2329ms)
✔ aquarium/crack: input 1 -> de (0.206ms)
✔ aquarium/crack: input 2 -> nl (0.3253ms)
✔ aquarium/crack: input 2 -> en (0.3025ms)
✔ aquarium/crack: input 2 -> de (0.2557ms)
✔ furniture/loose: input 0 -> nl (1.254ms)
✔ furniture/loose: input 0 -> en (1.0847ms)
✔ furniture/loose: input 0 -> de (0.7199ms)
✔ furniture/loose: input 1 -> nl (0.7151ms)
✔ furniture/loose: input 1 -> en (0.6394ms)
✔ furniture/loose: input 1 -> de (0.607ms)
✔ furniture/loose: input 2 -> nl (0.7695ms)
✔ furniture/loose: input 2 -> en (1.0223ms)
✔ furniture/loose: input 2 -> de (0.842ms)
✔ dishwasher/no_drain: input 0 -> nl (0.7959ms)
✔ dishwasher/no_drain: input 0 -> en (0.7752ms)
✔ dishwasher/no_drain: input 0 -> de (0.841ms)
✔ dishwasher/no_drain: input 1 -> nl (0.762ms)
✔ dishwasher/no_drain: input 1 -> en (0.5383ms)
✔ dishwasher/no_drain: input 1 -> de (0.5837ms)
✔ dishwasher/no_drain: input 2 -> nl (0.628ms)
✔ dishwasher/no_drain: input 2 -> en (0.6039ms)
✔ dishwasher/no_drain: input 2 -> de (1.7551ms)
✔ washing_machine/no_power: input 0 -> nl (0.4204ms)
✔ washing_machine/no_power: input 0 -> en (0.2843ms)
✔ washing_machine/no_power: input 0 -> de (0.2624ms)
✔ washing_machine/no_power: input 1 -> nl (0.2169ms)
✔ washing_machine/no_power: input 1 -> en (0.1832ms)
✔ washing_machine/no_power: input 1 -> de (0.2275ms)
✔ washing_machine/no_power: input 2 -> nl (0.2301ms)
✔ washing_machine/no_power: input 2 -> en (0.1854ms)
✔ washing_machine/no_power: input 2 -> de (0.1856ms)
✔ plumbing/leak: input 0 -> nl (0.9554ms)
✔ plumbing/leak: input 0 -> en (0.7496ms)
✔ plumbing/leak: input 0 -> de (0.4072ms)
✔ plumbing/leak: input 1 -> nl (0.2346ms)
✔ plumbing/leak: input 1 -> en (0.2198ms)
✔ plumbing/leak: input 1 -> de (0.2076ms)
✔ plumbing/leak: input 2 -> nl (0.302ms)
✔ plumbing/leak: input 2 -> en (0.2481ms)
✔ plumbing/leak: input 2 -> de (0.2216ms)
✔ bicycle/flat_tire: input 0 -> nl (0.2588ms)
✔ bicycle/flat_tire: input 0 -> en (0.2204ms)
✔ bicycle/flat_tire: input 0 -> de (0.3408ms)
✔ bicycle/flat_tire: input 1 -> nl (0.2201ms)
✔ bicycle/flat_tire: input 1 -> en (0.2743ms)
✔ bicycle/flat_tire: input 1 -> de (0.3631ms)
✔ bicycle/flat_tire: input 2 -> nl (0.2473ms)
✔ bicycle/flat_tire: input 2 -> en (0.3559ms)
✔ bicycle/flat_tire: input 2 -> de (0.7384ms)
✔ bicycle/brake_failure: input 0 -> nl (0.7188ms)
✔ bicycle/brake_failure: input 0 -> en (0.7209ms)
✔ bicycle/brake_failure: input 0 -> de (0.8171ms)
✔ bicycle/brake_failure: input 1 -> nl (0.7654ms)
✔ bicycle/brake_failure: input 1 -> en (0.7857ms)
✔ bicycle/brake_failure: input 1 -> de (0.6594ms)
✔ bicycle/brake_failure: input 2 -> nl (0.6283ms)
✔ bicycle/brake_failure: input 2 -> en (0.5366ms)
✔ bicycle/brake_failure: input 2 -> de (0.5526ms)
✔ textile/stain: input 0 -> nl (0.7681ms)
✔ textile/stain: input 0 -> en (0.764ms)
✔ textile/stain: input 0 -> de (2.6853ms)
✔ textile/stain: input 1 -> nl (0.7378ms)
✔ textile/stain: input 1 -> en (0.6675ms)
✔ textile/stain: input 1 -> de (0.6062ms)
✔ textile/stain: input 2 -> nl (0.6334ms)
✔ textile/stain: input 2 -> en (0.3626ms)
✔ textile/stain: input 2 -> de (0.213ms)
✔ surface/crack: input 0 -> nl (0.5588ms)
✔ surface/crack: input 0 -> en (0.9776ms)
✔ surface/crack: input 0 -> de (0.5962ms)
✔ surface/crack: input 1 -> nl (0.6235ms)
✔ surface/crack: input 1 -> en (0.4863ms)
✔ surface/crack: input 1 -> de (0.4812ms)
✔ surface/crack: input 2 -> nl (0.6186ms)
✔ surface/crack: input 2 -> en (0.6204ms)
✔ surface/crack: input 2 -> de (0.5126ms)
✔ electronics/no_power: input 0 -> nl (0.6831ms)
✔ electronics/no_power: input 0 -> en (0.5245ms)
✔ electronics/no_power: input 0 -> de (0.5152ms)
✔ electronics/no_power: input 1 -> nl (0.7021ms)
✔ electronics/no_power: input 1 -> en (0.5298ms)
✔ electronics/no_power: input 1 -> de (0.6254ms)
✔ electronics/no_power: input 2 -> nl (0.5428ms)
✔ electronics/no_power: input 2 -> en (0.514ms)
✔ electronics/no_power: input 2 -> de (0.583ms)
✔ garden/corrosion: input 0 -> nl (0.6378ms)
✔ garden/corrosion: input 0 -> en (0.5238ms)
✔ garden/corrosion: input 0 -> de (0.6022ms)
✔ garden/corrosion: input 1 -> nl (0.7474ms)
✔ garden/corrosion: input 1 -> en (0.5548ms)
✔ garden/corrosion: input 1 -> de (0.666ms)
✔ garden/corrosion: input 2 -> nl (0.4716ms)
✔ garden/corrosion: input 2 -> en (0.452ms)
✔ garden/corrosion: input 2 -> de (0.8202ms)
✔ mechanical/noise: input 0 -> nl (0.8205ms)
✔ mechanical/noise: input 0 -> en (0.6593ms)
✔ mechanical/noise: input 0 -> de (0.4574ms)
✔ mechanical/noise: input 1 -> nl (0.8626ms)
✔ mechanical/noise: input 1 -> en (2.6249ms)
✔ mechanical/noise: input 1 -> de (0.7913ms)
✔ mechanical/noise: input 2 -> nl (0.5847ms)
✔ mechanical/noise: input 2 -> en (0.4992ms)
✔ mechanical/noise: input 2 -> de (0.6738ms)
✔ household/breakage: input 0 -> nl (0.586ms)
✔ household/breakage: input 0 -> en (0.4976ms)
✔ household/breakage: input 0 -> de (0.6361ms)
✔ household/breakage: input 1 -> nl (0.8584ms)
✔ household/breakage: input 1 -> en (0.6963ms)
✔ household/breakage: input 1 -> de (0.4285ms)
✔ household/breakage: input 2 -> nl (0.4338ms)
✔ household/breakage: input 2 -> en (0.5443ms)
✔ household/breakage: input 2 -> de (0.5166ms)
✔ refrigerator/poor_result: input 0 -> nl (0.509ms)
✔ refrigerator/poor_result: input 0 -> en (0.7182ms)
✔ refrigerator/poor_result: input 0 -> de (0.6863ms)
✔ refrigerator/poor_result: input 1 -> nl (0.5581ms)
✔ refrigerator/poor_result: input 1 -> en (0.4269ms)
✔ refrigerator/poor_result: input 1 -> de (0.5342ms)
✔ refrigerator/poor_result: input 2 -> nl (0.4153ms)
✔ refrigerator/poor_result: input 2 -> en (0.3996ms)
✔ refrigerator/poor_result: input 2 -> de (0.3905ms)
✔ heating/leak: input 0 -> nl (0.672ms)
✔ heating/leak: input 0 -> en (0.4685ms)
✔ heating/leak: input 0 -> de (0.4677ms)
✔ heating/leak: input 1 -> nl (0.7401ms)
✔ heating/leak: input 1 -> en (0.3305ms)
✔ heating/leak: input 1 -> de (0.2377ms)
✔ heating/leak: input 2 -> nl (0.1959ms)
✔ heating/leak: input 2 -> en (0.2727ms)
✔ heating/leak: input 2 -> de (0.2992ms)
✔ microwave/no_power: input 0 -> nl (0.3485ms)
✔ microwave/no_power: input 0 -> en (0.1779ms)
✔ microwave/no_power: input 0 -> de (0.1465ms)
✔ microwave/no_power: input 1 -> nl (0.1581ms)
✔ microwave/no_power: input 1 -> en (0.1891ms)
✔ microwave/no_power: input 1 -> de (0.1682ms)
✔ microwave/no_power: input 2 -> nl (0.1585ms)
✔ microwave/no_power: input 2 -> en (0.139ms)
✔ microwave/no_power: input 2 -> de (2.2242ms)
✔ Complete translation unknown (0.5424ms)
✔ Complete translation inspect (0.3692ms)
✔ Complete translation detail (0.2689ms)
✔ Complete translation overview (0.2033ms)
✔ Complete translation coffee_photo (0.1691ms)
✔ Complete translation sole_photo (0.1398ms)
✔ Complete translation uncertain (0.1577ms)
✔ Complete translation mismatch (0.3541ms)
✔ Complete translation clarify (0.2212ms)
✔ Complete translation coffee_check (0.214ms)
✔ Complete translation coffee_ask (0.1497ms)
✔ Complete translation no_flow_ask (0.1411ms)
✔ Complete translation drain_check (0.1328ms)
✔ Complete translation drain_ask (0.138ms)
✔ Complete translation sole_check (0.1291ms)
✔ Complete translation sole_ask (0.2294ms)
✔ Complete translation loose_check (0.1593ms)
✔ Complete translation loose_ask (0.2797ms)
✔ Complete translation leak_check (0.2739ms)
✔ Complete translation leak_ask (0.117ms)
✔ Complete translation aquarium_ask (0.0992ms)
✔ Complete translation aquarium_avoid (0.1523ms)
✔ Complete translation crack_check (0.1451ms)
✔ Complete translation crack_ask (0.072ms)
✔ Complete translation power_check (0.068ms)
✔ Complete translation power_ask (0.2771ms)
✔ Complete translation code_ask (0.1693ms)
✔ Complete translation stain_ask (0.128ms)
✔ Complete translation stain_avoid (0.0896ms)
✔ Complete translation noise_ask (0.087ms)
✔ Complete translation professional (0.077ms)
✔ Complete translation gas (0.0914ms)
✔ Complete translation fire (0.0934ms)
✔ Complete translation electric_stop (0.1013ms)
✔ Complete translation battery (0.1174ms)
✔ Complete translation asbestos (0.0948ms)
✔ Complete translation refrigerant (0.1176ms)
✔ Complete translation bicycle (0.0968ms)
✔ Complete translation hot (0.0889ms)
✔ Complete translation repair_title (0.1011ms)
✔ Complete translation handle_step (0.1529ms)
✔ Complete translation handle_check (0.1293ms)
✔ Complete translation screwdriver (0.1504ms)
✔ Complete translation hand_avoid (0.1337ms)
✔ Complete translation shoe_glue (0.1055ms)
✔ Complete translation soft_brush (0.0796ms)
✔ Complete translation shoe_prepare (0.0877ms)
✔ Complete translation shoe_bond (0.082ms)
✔ Complete translation shoe_check (0.0834ms)
✔ Complete translation shoe_avoid (0.0958ms)
✔ Complete translation dish_soap (0.0868ms)
✔ Complete translation soft_cloth (0.1082ms)
✔ Complete translation ceramic_clean (0.0929ms)
✔ Complete translation ceramic_check (0.0813ms)
✔ Reject language NL (0.7797ms)
✔ Reject language en-US (0.171ms)
✔ Reject language fr (0.1293ms)
✔ Reject language null (0.1268ms)
✔ Reject language undefined (0.1094ms)
✔ Reject language  (0.1067ms)
✔ shoe: cannot acquire a leak from an incompatible observation (0.6966ms)
✔ furniture: cannot acquire a leak from an incompatible observation (0.3235ms)
✔ electronics: cannot acquire a leak from an incompatible observation (0.3251ms)
✔ surface: cannot acquire a leak from an incompatible observation (0.3455ms)
✔ No fabricated defect: No leak. (0.6747ms)
✔ No fabricated defect: No crack. (0.4022ms)
✔ No fabricated defect: Maybe a leak. (0.4406ms)
✔ No fabricated defect: Geen lekkage. (0.4717ms)
✔ No fabricated defect: Geen scheur. (0.409ms)
✔ No fabricated defect: Vielleicht ein Leck. (0.4134ms)
✔ No fabricated defect: Kein Riss. (0.5135ms)
✔ No fabricated defect: It is not leaking. (0.4827ms)
✔ Reject unsupported image evidence {"kind":"symptom","value":"leak","quote":"Water leak","source":"image","polarity":"absent","confidence":0.98} (0.6389ms)
✔ Reject unsupported image evidence {"kind":"symptom","value":"leak","quote":"Water leak","source":"image","polarity":"present","confidence":0.2} (0.3113ms)
✔ Reject unsupported image evidence {"kind":"symptom","value":"leak","quote":"Possibly a leak","source":"image","polarity":"present","confidence":0.98} (0.3387ms)
✔ Reject unsupported image evidence {"kind":"symptom","value":"leak","quote":"No leak","source":"image","polarity":"present","confidence":0.98} (0.349ms)
✔ Reject unsupported image evidence {"kind":"symptom","value":"leak","quote":"There is a coffee machine","source":"image","polarity":"present","confidence":0.98} (0.4999ms)
✔ Image claims cannot exist without an image (0.4266ms)
✔ Positive high confidence image evidence supports visible leak (0.381ms)
✔ Current negative observation overrides old symptoms (0.7449ms)
✔ Current object does not inherit previous defect (0.6632ms)
✔ Follow-up can retain verified prior observations (0.7779ms)
✔ Contradictory image changes route to clarification (0.5706ms)
✔ Hazard precedence: I smell gas. (0.6481ms)
✔ Hazard precedence: Unknown object has smoke. (0.3901ms)
✔ Hazard precedence: My laptop has a swollen battery. (2.1346ms)
✔ Hazard precedence: My shoe has no smoke. (0.4367ms)
✔ Hazard precedence: My floor contains asbestos. (0.4311ms)
✔ No generic hazard list on shoes (0.4945ms)
✔ Identity with quoted user evidence only (1.0104ms)
✔ Invented model and unreadable identity are discarded (0.7725ms)
✔ Known low impact repair uses tools without fake materials (1.3396ms)
✔ Unsupported repair requests cannot generate arbitrary steps (0.8293ms)
✔ Presentation can switch to all languages without changing facts (1.1151ms)
✔ Malformed AI output returns safe clarification, never model prose (3.2508ms)
✔ Verified recipe: Shoe sole coming off. Sole is intact. Upper is intact. Shoe adhesive label confirms compatible materials. -> nl (2.4351ms)
✔ Verified recipe: Shoe sole coming off. Sole is intact. Upper is intact. Shoe adhesive label confirms compatible materials. -> en (1.2074ms)
✔ Verified recipe: Shoe sole coming off. Sole is intact. Upper is intact. Shoe adhesive label confirms compatible materials. -> de (0.7553ms)
✔ Verified recipe: Schoenzool laat los. Zool is intact. Bovenmateriaal is intact. Etiket schoenlijm vermeldt geschikt. -> nl (1.0712ms)
✔ Verified recipe: Schoenzool laat los. Zool is intact. Bovenmateriaal is intact. Etiket schoenlijm vermeldt geschikt. -> en (0.5782ms)
✔ Verified recipe: Schoenzool laat los. Zool is intact. Bovenmateriaal is intact. Etiket schoenlijm vermeldt geschikt. -> de (0.7712ms)
✔ Verified recipe: Schuhsohle löst sich. Sohle ist intakt. Obermaterial ist intakt. Schuhkleber Etikett bestätigt geeignet. -> nl (0.7414ms)
✔ Verified recipe: Schuhsohle löst sich. Sohle ist intakt. Obermaterial ist intakt. Schuhkleber Etikett bestätigt geeignet. -> en (0.7268ms)
✔ Verified recipe: Schuhsohle löst sich. Sohle ist intakt. Obermaterial ist intakt. Schuhkleber Etikett bestätigt geeignet. -> de (0.7255ms)
✔ Verified recipe: Mug has a stain. Glazed ceramic. Glaze is intact. -> nl (2.1124ms)
✔ Verified recipe: Mug has a stain. Glazed ceramic. Glaze is intact. -> en (1.0919ms)
✔ Verified recipe: Mug has a stain. Glazed ceramic. Glaze is intact. -> de (0.7126ms)
✔ Verified recipe: Beker heeft een vlek. Geglazuurd keramiek. Glazuur is intact. -> nl (0.7107ms)
✔ Verified recipe: Beker heeft een vlek. Geglazuurd keramiek. Glazuur is intact. -> en (0.7876ms)
✔ Verified recipe: Beker heeft een vlek. Geglazuurd keramiek. Glazuur is intact. -> de (0.7748ms)
✔ Verified recipe: Tasse hat einen Fleck. Glasierte Keramik. Glasur ist intakt. -> nl (0.904ms)
✔ Verified recipe: Tasse hat einen Fleck. Glasierte Keramik. Glasur ist intakt. -> en (0.7871ms)
✔ Verified recipe: Tasse hat einen Fleck. Glasierte Keramik. Glasur ist intakt. -> de (0.9428ms)
✔ Sole with extra damage cannot unlock adhesive recipe (1.3283ms)
✔ No-flow plus overheating overrides inspection (0.9062ms)
✔ Leak plus cracked aquarium is professional (0.7793ms)
✔ Question about a crack is not evidence of a crack (2.6733ms)
✔ Reported gas hazard in a help question still stops (0.968ms)
✔ Unknown placeholder is not a verified brand (0.7774ms)
✔ Null structured model output is handled conservatively (0.7338ms)
✔ Vision request includes real multimodal image input and JSON mode (1.5984ms)
✔ Specialist route for asbestos nl (0.8736ms)
✔ Specialist route for asbestos en (0.6516ms)
✔ Specialist route for asbestos de (0.641ms)
✔ Specialist route for refrigerant nl (0.8211ms)
✔ Specialist route for refrigerant en (0.6858ms)
✔ Specialist route for refrigerant de (0.6472ms)
✔ V7 frontend parses and boots (16.1274ms)
✔ Approved hero HTML is unchanged (1.5683ms)
✔ Every existing style block remains unchanged (4.8643ms)
✔ All static translation keys exist in each language (27.8822ms)
✔ Result and saved passport nl -> nl (136.5126ms)
✔ Result and saved passport nl -> en (19.9373ms)
✔ Result and saved passport nl -> de (12.896ms)
✔ Result and saved passport en -> nl (10.7704ms)
✔ Result and saved passport en -> en (14.5413ms)
✔ Result and saved passport en -> de (9.8384ms)
✔ Result and saved passport de -> nl (11.4654ms)
✔ Result and saved passport de -> en (10.2759ms)
✔ Result and saved passport de -> de (10.116ms)
✔ Legacy saved result cannot inject Dutch into English passport (5.0654ms)
✔ Unlocalized legacy response is rejected (5.2606ms)
✔ Follow-up camera is synchronous and separately wired (4.2355ms)
✔ Follow-up gallery is synchronous and separately wired (3.581ms)
✔ Only camera input has capture attribute (2.0365ms)
✔ Full image content is included in request fingerprint (39.7199ms)
✔ Follow-up fingerprint changes when analysis changes (7.4939ms)
✔ All API requests carry the nl contract (5.2862ms)
✔ All API requests carry the en contract (5.1293ms)
✔ All API requests carry the de contract (5.3679ms)
✔ Inspection route cannot render repair-tagged steps (9.9694ms)
✔ nl: first analysis, followup, duplicate and feedback (213.4845ms)
✔ en: first analysis, followup, duplicate and feedback (32.3698ms)
✔ de: first analysis, followup, duplicate and feedback (29.1939ms)
✔ Credits exhaust at three successful analyses (40.5543ms)
✔ Tester mode preserves existing V6 device membership (10.888ms)
✔ Failed AI call does not consume credit or leave a lease (11.8407ms)
✔ Followups are limited to two and never consume a new fix (30.471ms)
✔ A different device cannot inspect another device session (16.0944ms)
✔ Reuse of request ID for changed input is rejected (15.7687ms)
✔ Duplicate response can be presented in a newly selected language (20.4734ms)
✔ Invalid contract language fr (2.3671ms)
✔ Invalid contract language NL (1.3802ms)
✔ Invalid contract language null (2.428ms)
✔ Invalid contract language  (1.7043ms)
✔ Missing language is rejected (2.033ms)
✔ Invalid JSON is a controlled 400 response (2.551ms)
✔ SVG image input is rejected before AI (1.8769ms)
✔ Actual body size is bounded without Content-Length (50.0494ms)
✔ Concurrent same-device requests cannot double charge (39.4691ms)
ℹ tests 350
ℹ suites 0
ℹ pass 350
ℹ fail 0
ℹ cancelled 0
ℹ skipped 0
ℹ todo 0
ℹ duration_ms 999.6493
